OpenJDK 64-Bit Server VM (24.111-b01) for linux-amd64 JRE (1.7.0_111-b01), built on Aug 12 2016 05:30:29 by "buildd" with gcc 4.8.4
Memory: 4k page, physical 4046856k(3184744k free), swap 0k(0k free)
CommandLine flags: -XX:+CMSClassUnloadingEnabled -XX:+CMSScavengeBeforeRemark -XX:+DisableExplicitGC -XX:InitialHeapSize=1073741824 -XX:+ManagementServer -XX:MaxHeapSize=1073741824 -XX:MaxNewSize=174485504 -XX:MaxTenuringThreshold=6 -XX:NewSize=174485504 -XX:OldPLABSize=16 -XX:OldSize=348971008 -XX:+PrintGC -XX:+PrintGCDateStamps -XX:+PrintGCDetails -XX:+PrintGCTimeStamps -XX:+UseCompressedOops -XX:+UseConcMarkSweepGC -XX:+UseParNewGC 
2016-09-21T20:17:05.814+0000: 16.315: [GC [1 CMS-initial-mark: 0K(878208K)] 106437K(1031552K), 0.0167260 secs] [Times: user=0.01 sys=0.00, real=0.02 secs] 
2016-09-21T20:17:05.832+0000: 16.332: [CMS-concurrent-mark-start]
2016-09-21T20:17:05.854+0000: 16.355: [CMS-concurrent-mark: 0.022/0.022 secs] [Times: user=0.02 sys=0.01, real=0.02 secs] 
2016-09-21T20:17:05.854+0000: 16.355: [CMS-concurrent-preclean-start]
2016-09-21T20:17:05.870+0000: 16.371: [CMS-concurrent-preclean: 0.015/0.016 secs] [Times: user=0.02 sys=0.00, real=0.01 secs] 
2016-09-21T20:17:05.870+0000: 16.371: [CMS-concurrent-abortable-preclean-start]
 CMS: abort preclean due to time 2016-09-21T20:17:10.930+0000: 21.430: [CMS-concurrent-abortable-preclean: 0.052/5.060 secs] [Times: user=0.08 sys=0.00, real=5.05 secs] 
2016-09-21T20:17:10.930+0000: 21.431: [GC[YG occupancy: 111895 K (153344 K)]2016-09-21T20:17:10.930+0000: 21.431: [GC2016-09-21T20:17:10.930+0000: 21.431: [ParNew: 111895K->10099K(153344K), 0.0153890 secs] 111895K->10099K(1031552K), 0.0154510 secs] [Times: user=0.03 sys=0.00, real=0.02 secs] 
2016-09-21T20:17:10.946+0000: 21.446: [Rescan (parallel) , 0.0071490 secs]2016-09-21T20:17:10.953+0000: 21.453: [weak refs processing, 0.0000190 secs]2016-09-21T20:17:10.953+0000: 21.453: [class unloading, 0.0006320 secs]2016-09-21T20:17:10.953+0000: 21.454: [scrub symbol table, 0.0018720 secs]2016-09-21T20:17:10.955+0000: 21.456: [scrub string table, 0.0001560 secs] [1 CMS-remark: 0K(878208K)] 10099K(1031552K), 0.0254620 secs] [Times: user=0.04 sys=0.00, real=0.03 secs] 
2016-09-21T20:17:10.956+0000: 21.456: [CMS-concurrent-sweep-start]
2016-09-21T20:17:10.958+0000: 21.459: [CMS-concurrent-sweep: 0.003/0.003 secs] [Times: user=0.01 sys=0.00, real=0.01 secs] 
2016-09-21T20:17:10.959+0000: 21.459: [CMS-concurrent-reset-start]
2016-09-21T20:17:10.963+0000: 21.464: [CMS-concurrent-reset: 0.005/0.005 secs] [Times: user=0.01 sys=0.00, real=0.00 secs] 
